------------------------------------------------------------
TimeQuest Timing Analyzer Summary
------------------------------------------------------------

Type  : Slow 1200mV 85C Model Setup 'DebounceAndClock:debncer|s_pulsedOut'
Slack : -8.357
TNS   : -6290.014

Type  : Slow 1200mV 85C Model Setup 'CLOCK_50'
Slack : -6.180
TNS   : -733.629

Type  : Slow 1200mV 85C Model Hold 'CLOCK_50'
Slack : 0.389
TNS   : 0.000

Type  : Slow 1200mV 85C Model Hold 'DebounceAndClock:debncer|s_pulsedOut'
Slack : 0.452
TNS   : 0.000

Type  : Slow 1200mV 85C Model Minimum Pulse Width 'CLOCK_50'
Slack : -3.000
TNS   : -198.320

Type  : Slow 1200mV 85C Model Minimum Pulse Width 'DebounceAndClock:debncer|s_pulsedOut'
Slack : -2.693
TNS   : -1803.046

Type  : Slow 1200mV 0C Model Setup 'DebounceAndClock:debncer|s_pulsedOut'
Slack : -7.469
TNS   : -5677.918

Type  : Slow 1200mV 0C Model Setup 'CLOCK_50'
Slack : -5.598
TNS   : -658.879

Type  : Slow 1200mV 0C Model Hold 'CLOCK_50'
Slack : 0.342
TNS   : 0.000

Type  : Slow 1200mV 0C Model Hold 'DebounceAndClock:debncer|s_pulsedOut'
Slack : 0.416
TNS   : 0.000

Type  : Slow 1200mV 0C Model Minimum Pulse Width 'CLOCK_50'
Slack : -3.000
TNS   : -198.320

Type  : Slow 1200mV 0C Model Minimum Pulse Width 'DebounceAndClock:debncer|s_pulsedOut'
Slack : -2.649
TNS   : -1802.518

Type  : Fast 1200mV 0C Model Setup 'DebounceAndClock:debncer|s_pulsedOut'
Slack : -3.579
TNS   : -2545.052

Type  : Fast 1200mV 0C Model Setup 'CLOCK_50'
Slack : -2.491
TNS   : -281.463

Type  : Fast 1200mV 0C Model Hold 'CLOCK_50'
Slack : 0.177
TNS   : 0.000

Type  : Fast 1200mV 0C Model Hold 'DebounceAndClock:debncer|s_pulsedOut'
Slack : 0.199
TNS   : 0.000

Type  : Fast 1200mV 0C Model Minimum Pulse Width 'CLOCK_50'
Slack : -3.000
TNS   : -165.621

Type  : Fast 1200mV 0C Model Minimum Pulse Width 'DebounceAndClock:debncer|s_pulsedOut'
Slack : -1.000
TNS   : -1390.000

------------------------------------------------------------
