------------------------------------------------------------
TimeQuest Timing Analyzer Summary
------------------------------------------------------------

Type  : Slow 1200mV 85C Model Setup 'DebounceAndClock:debncer|s_pulsedOut'
Slack : -7.460
TNS   : -5516.453

Type  : Slow 1200mV 85C Model Setup 'CLOCK_50'
Slack : -4.656
TNS   : -549.403

Type  : Slow 1200mV 85C Model Hold 'DebounceAndClock:debncer|s_pulsedOut'
Slack : 0.342
TNS   : 0.000

Type  : Slow 1200mV 85C Model Hold 'CLOCK_50'
Slack : 0.356
TNS   : 0.000

Type  : Slow 1200mV 85C Model Minimum Pulse Width 'CLOCK_50'
Slack : -3.000
TNS   : -155.000

Type  : Slow 1200mV 85C Model Minimum Pulse Width 'DebounceAndClock:debncer|s_pulsedOut'
Slack : -2.174
TNS   : -1404.088

Type  : Slow 1200mV 0C Model Setup 'DebounceAndClock:debncer|s_pulsedOut'
Slack : -6.611
TNS   : -4822.542

Type  : Slow 1200mV 0C Model Setup 'CLOCK_50'
Slack : -4.089
TNS   : -479.736

Type  : Slow 1200mV 0C Model Hold 'CLOCK_50'
Slack : 0.311
TNS   : 0.000

Type  : Slow 1200mV 0C Model Hold 'DebounceAndClock:debncer|s_pulsedOut'
Slack : 0.323
TNS   : 0.000

Type  : Slow 1200mV 0C Model Minimum Pulse Width 'CLOCK_50'
Slack : -3.000
TNS   : -155.000

Type  : Slow 1200mV 0C Model Minimum Pulse Width 'DebounceAndClock:debncer|s_pulsedOut'
Slack : -2.174
TNS   : -1404.088

Type  : Fast 1200mV 0C Model Setup 'DebounceAndClock:debncer|s_pulsedOut'
Slack : -3.806
TNS   : -2646.126

Type  : Fast 1200mV 0C Model Setup 'CLOCK_50'
Slack : -2.180
TNS   : -242.289

Type  : Fast 1200mV 0C Model Hold 'DebounceAndClock:debncer|s_pulsedOut'
Slack : 0.158
TNS   : 0.000

Type  : Fast 1200mV 0C Model Hold 'CLOCK_50'
Slack : 0.186
TNS   : 0.000

Type  : Fast 1200mV 0C Model Minimum Pulse Width 'CLOCK_50'
Slack : -3.000
TNS   : -165.964

Type  : Fast 1200mV 0C Model Minimum Pulse Width 'DebounceAndClock:debncer|s_pulsedOut'
Slack : -1.000
TNS   : -1390.000

------------------------------------------------------------
